                            The SAS System                           1
                                         17:12 Tuesday, March 27, 2012

                         The ARIMA Procedure

                         Name of Variable = x

                  Mean of Working Series    -0.08366
                  Standard Deviation        1.012551
                  Number of Observations          99


                            Autocorrelations
 
Lag Covariance Correlation -1 9 8 7 6 5 4 3 2 1 0 1 2 3 4 5 6 7 8 9 1

  0   1.025260     1.00000 |                    |********************|
  1   0.307514     0.29994 |                .   |******              |
  2  -0.137509     -.13412 |                .***|   .                |
  3  -0.088090     -.08592 |                . **|   .                |
  4  -0.086153     -.08403 |                . **|   .                |
  5  -0.067767     -.06610 |                .  *|   .                |
  6   0.092516     0.09024 |               .    |**  .               |
  7   0.043621     0.04255 |               .    |*   .               |
  8  -0.035104     -.03424 |               .   *|    .               |
  9   0.084939     0.08285 |               .    |**  .               |
 10   0.095591     0.09324 |               .    |**  .               |
 11   0.126371     0.12326 |               .    |**  .               |
 12   0.114410     0.11159 |               .    |**  .               |
 13   0.034411     0.03356 |               .    |*   .               |
 14  -0.035892     -.03501 |               .   *|    .               |
 15  -0.087562     -.08541 |               .  **|    .               |
 16  0.0013234     0.00129 |               .    |    .               |
 17  -0.028465     -.02776 |               .   *|    .               |
 18  -0.129693     -.12650 |               . ***|    .               |
 19  -0.099976     -.09751 |               .  **|    .               |
 20   0.166057     0.16197 |               .    |*** .               |
 21  0.0087638     0.00855 |               .    |    .               |
 22  -0.116710     -.11383 |               .  **|    .               |
 23   0.019285     0.01881 |               .    |    .               |
 24   0.052205     0.05092 |               .    |*   .               |

                    "." marks two standard errors


                       Inverse Autocorrelations
 
  Lag    Correlation    -1 9 8 7 6 5 4 3 2 1 0 1 2 3 4 5 6 7 8 9 1

    1       -0.41502    |            ********|   .                |
    2        0.23876    |                .   |*****               |
    3       -0.03695    |                .  *|   .                |
    4        0.05706    |                .   |*  .                |
    5        0.04956    |                .   |*  .                |
    6       -0.10138    |                . **|   .                |
    7       -0.03775    |                .  *|   .                |
    8        0.04701    |                .   |*  .                |
    9       -0.13758    |                .***|   .                |
   10        0.00502    |                .   |   .                |
   11       -0.05593    |                .  *|   .                |
                            The SAS System                           2
                                         17:12 Tuesday, March 27, 2012

                         The ARIMA Procedure

                       Inverse Autocorrelations
 
  Lag    Correlation    -1 9 8 7 6 5 4 3 2 1 0 1 2 3 4 5 6 7 8 9 1

   12       -0.07714    |                . **|   .                |
   13        0.01631    |                .   |   .                |
   14       -0.03038    |                .  *|   .                |
   15        0.10212    |                .   |** .                |
   16       -0.10156    |                . **|   .                |
   17        0.10709    |                .   |** .                |
   18       -0.04881    |                .  *|   .                |
   19        0.20234    |                .   |****                |
   20       -0.19094    |                ****|   .                |
   21        0.09889    |                .   |** .                |
   22        0.03561    |                .   |*  .                |
   23        0.00099    |                .   |   .                |
   24       -0.02677    |                .  *|   .                |


                       Partial Autocorrelations
 
  Lag    Correlation    -1 9 8 7 6 5 4 3 2 1 0 1 2 3 4 5 6 7 8 9 1

    1        0.29994    |                .   |******              |
    2       -0.24624    |               *****|   .                |
    3        0.04453    |                .   |*  .                |
    4       -0.11673    |                . **|   .                |
    5       -0.01372    |                .   |   .                |
    6        0.10442    |                .   |** .                |
    7       -0.06044    |                .  *|   .                |
    8        0.00245    |                .   |   .                |
    9        0.11227    |                .   |** .                |
   10        0.02292    |                .   |   .                |
   11        0.15815    |                .   |***.                |
   12        0.03723    |                .   |*  .                |
   13        0.04379    |                .   |*  .                |
   14        0.01271    |                .   |   .                |
   15       -0.07647    |                . **|   .                |
   16        0.08191    |                .   |** .                |
   17       -0.11055    |                . **|   .                |
   18       -0.12760    |                .***|   .                |
   19       -0.05367    |                .  *|   .                |
   20        0.16091    |                .   |***.                |
   21       -0.20208    |                ****|   .                |
   22       -0.05618    |                .  *|   .                |
   23        0.03064    |                .   |*  .                |
   24        0.03932    |                .   |*  .                |


                            The SAS System                           3
                                         17:12 Tuesday, March 27, 2012

                         The ARIMA Procedure

                Autocorrelation Check for White Noise
 
   To     Chi-       Pr >
  Lag   Square  DF  ChiSq -------------Autocorrelations------------

    6    13.89   6 0.0309  0.300 -0.134 -0.086 -0.084 -0.066  0.090
   12    19.11  12 0.0860  0.043 -0.034  0.083  0.093  0.123  0.112
   18    22.32  18 0.2181  0.034 -0.035 -0.085  0.001 -0.028 -0.126
   24    28.91  24 0.2234 -0.098  0.162  0.009 -0.114  0.019  0.051


                 Conditional Least Squares Estimation
 
                              Standard                 Approx
 Parameter      Estimate         Error    t Value    Pr > |t|     Lag

 MU             -0.08166       0.13699      -0.60      0.5525       0
 MA1,1          -0.44255       0.09121      -4.85      <.0001       1


                   Constant Estimate      -0.08166
                   Variance Estimate      0.900656
                   Std Error Estimate     0.949029
                   AIC                    272.5708
                   SBC                     277.761
                   Number of Residuals          99
            * AIC and SBC do not include log determinant.


                      Correlations of Parameter
                              Estimates
 
                    Parameter        MU     MA1,1

                    MU            1.000    -0.002
                    MA1,1        -0.002     1.000


                  Autocorrelation Check of Residuals
 
   To     Chi-       Pr >
  Lag   Square  DF  ChiSq -------------Autocorrelations------------

    6     3.86   5 0.5698 -0.037 -0.103 -0.038 -0.037 -0.093  0.114
   12     7.18  11 0.7840  0.035 -0.079  0.100  0.024  0.082  0.070
   18     9.19  17 0.9341  0.005  0.006 -0.102  0.048 -0.024 -0.058
   24    21.35  23 0.5599 -0.157  0.225 -0.034 -0.125  0.057  0.023


                         Model for variable x

                      Estimated Mean    -0.08166
                            The SAS System                           4
                                         17:12 Tuesday, March 27, 2012

                         The ARIMA Procedure

                        Moving Average Factors

                     Factor 1:  1 + 0.44255 B**(1)


                       Forecasts for variable x
 
     Obs       Forecast    Std Error       95% Confidence Limits

     100        -0.4633       0.9490        -2.3234         1.3968
     101        -0.0817       1.0378        -2.1157         1.9524
     102        -0.0817       1.0378        -2.1157         1.9524
     103        -0.0817       1.0378        -2.1157         1.9524
     104        -0.0817       1.0378        -2.1157         1.9524
     105        -0.0817       1.0378        -2.1157         1.9524
     106        -0.0817       1.0378        -2.1157         1.9524
     107        -0.0817       1.0378        -2.1157         1.9524
     108        -0.0817       1.0378        -2.1157         1.9524
     109        -0.0817       1.0378        -2.1157         1.9524
     110        -0.0817       1.0378        -2.1157         1.9524
     111        -0.0817       1.0378        -2.1157         1.9524
     112        -0.0817       1.0378        -2.1157         1.9524
     113        -0.0817       1.0378        -2.1157         1.9524
     114        -0.0817       1.0378        -2.1157         1.9524
     115        -0.0817       1.0378        -2.1157         1.9524
     116        -0.0817       1.0378        -2.1157         1.9524
     117        -0.0817       1.0378        -2.1157         1.9524
     118        -0.0817       1.0378        -2.1157         1.9524
     119        -0.0817       1.0378        -2.1157         1.9524
     120        -0.0817       1.0378        -2.1157         1.9524
     121        -0.0817       1.0378        -2.1157         1.9524
     122        -0.0817       1.0378        -2.1157         1.9524
     123        -0.0817       1.0378        -2.1157         1.9524
                            The SAS System                           5
                                         17:12 Tuesday, March 27, 2012

                         The ARIMA Procedure

                         Name of Variable = x

                  Mean of Working Series    -0.08366
                  Standard Deviation        1.012551
                  Number of Observations          99


                            Autocorrelations
 
Lag Covariance Correlation -1 9 8 7 6 5 4 3 2 1 0 1 2 3 4 5 6 7 8 9 1

  0   1.025260     1.00000 |                    |********************|
  1   0.307514     0.29994 |                .   |******              |
  2  -0.137509     -.13412 |                .***|   .                |
  3  -0.088090     -.08592 |                . **|   .                |
  4  -0.086153     -.08403 |                . **|   .                |
  5  -0.067767     -.06610 |                .  *|   .                |
  6   0.092516     0.09024 |               .    |**  .               |
  7   0.043621     0.04255 |               .    |*   .               |
  8  -0.035104     -.03424 |               .   *|    .               |
  9   0.084939     0.08285 |               .    |**  .               |
 10   0.095591     0.09324 |               .    |**  .               |
 11   0.126371     0.12326 |               .    |**  .               |
 12   0.114410     0.11159 |               .    |**  .               |
 13   0.034411     0.03356 |               .    |*   .               |
 14  -0.035892     -.03501 |               .   *|    .               |
 15  -0.087562     -.08541 |               .  **|    .               |
 16  0.0013234     0.00129 |               .    |    .               |
 17  -0.028465     -.02776 |               .   *|    .               |
 18  -0.129693     -.12650 |               . ***|    .               |
 19  -0.099976     -.09751 |               .  **|    .               |
 20   0.166057     0.16197 |               .    |*** .               |
 21  0.0087638     0.00855 |               .    |    .               |
 22  -0.116710     -.11383 |               .  **|    .               |
 23   0.019285     0.01881 |               .    |    .               |
 24   0.052205     0.05092 |               .    |*   .               |

                    "." marks two standard errors


                       Inverse Autocorrelations
 
  Lag    Correlation    -1 9 8 7 6 5 4 3 2 1 0 1 2 3 4 5 6 7 8 9 1

    1       -0.41502    |            ********|   .                |
    2        0.23876    |                .   |*****               |
    3       -0.03695    |                .  *|   .                |
    4        0.05706    |                .   |*  .                |
    5        0.04956    |                .   |*  .                |
    6       -0.10138    |                . **|   .                |
    7       -0.03775    |                .  *|   .                |
    8        0.04701    |                .   |*  .                |
    9       -0.13758    |                .***|   .                |
   10        0.00502    |                .   |   .                |
   11       -0.05593    |                .  *|   .                |
                            The SAS System                           6
                                         17:12 Tuesday, March 27, 2012

                         The ARIMA Procedure

                       Inverse Autocorrelations
 
  Lag    Correlation    -1 9 8 7 6 5 4 3 2 1 0 1 2 3 4 5 6 7 8 9 1

   12       -0.07714    |                . **|   .                |
   13        0.01631    |                .   |   .                |
   14       -0.03038    |                .  *|   .                |
   15        0.10212    |                .   |** .                |
   16       -0.10156    |                . **|   .                |
   17        0.10709    |                .   |** .                |
   18       -0.04881    |                .  *|   .                |
   19        0.20234    |                .   |****                |
   20       -0.19094    |                ****|   .                |
   21        0.09889    |                .   |** .                |
   22        0.03561    |                .   |*  .                |
   23        0.00099    |                .   |   .                |
   24       -0.02677    |                .  *|   .                |


                       Partial Autocorrelations
 
  Lag    Correlation    -1 9 8 7 6 5 4 3 2 1 0 1 2 3 4 5 6 7 8 9 1

    1        0.29994    |                .   |******              |
    2       -0.24624    |               *****|   .                |
    3        0.04453    |                .   |*  .                |
    4       -0.11673    |                . **|   .                |
    5       -0.01372    |                .   |   .                |
    6        0.10442    |                .   |** .                |
    7       -0.06044    |                .  *|   .                |
    8        0.00245    |                .   |   .                |
    9        0.11227    |                .   |** .                |
   10        0.02292    |                .   |   .                |
   11        0.15815    |                .   |***.                |
   12        0.03723    |                .   |*  .                |
   13        0.04379    |                .   |*  .                |
   14        0.01271    |                .   |   .                |
   15       -0.07647    |                . **|   .                |
   16        0.08191    |                .   |** .                |
   17       -0.11055    |                . **|   .                |
   18       -0.12760    |                .***|   .                |
   19       -0.05367    |                .  *|   .                |
   20        0.16091    |                .   |***.                |
   21       -0.20208    |                ****|   .                |
   22       -0.05618    |                .  *|   .                |
   23        0.03064    |                .   |*  .                |
   24        0.03932    |                .   |*  .                |


                            The SAS System                           7
                                         17:12 Tuesday, March 27, 2012

                         The ARIMA Procedure

                Autocorrelation Check for White Noise
 
   To     Chi-       Pr >
  Lag   Square  DF  ChiSq -------------Autocorrelations------------

    6    13.89   6 0.0309  0.300 -0.134 -0.086 -0.084 -0.066  0.090
   12    19.11  12 0.0860  0.043 -0.034  0.083  0.093  0.123  0.112
   18    22.32  18 0.2181  0.034 -0.035 -0.085  0.001 -0.028 -0.126
   24    28.91  24 0.2234 -0.098  0.162  0.009 -0.114  0.019  0.051


                 Conditional Least Squares Estimation
 
                              Standard                 Approx
 Parameter      Estimate         Error    t Value    Pr > |t|     Lag

 MU             -0.08110       0.12339      -0.66      0.5126       0
 MA1,1          -0.38709       0.10195      -3.80      0.0003       1
 MA1,2           0.09220       0.10218       0.90      0.3691       2


                   Constant Estimate       -0.0811
                   Variance Estimate      0.903177
                   Std Error Estimate     0.950356
                   AIC                    273.8216
                   SBC                    281.6069
                   Number of Residuals          99
            * AIC and SBC do not include log determinant.


                 Correlations of Parameter Estimates
 
               Parameter        MU     MA1,1     MA1,2

               MU            1.000     0.003     0.010
               MA1,1         0.003     1.000     0.430
               MA1,2         0.010     0.430     1.000


                  Autocorrelation Check of Residuals
 
   To     Chi-       Pr >
  Lag   Square  DF  ChiSq -------------Autocorrelations------------

    6     2.99   4 0.5595  0.009 -0.039 -0.077 -0.030 -0.093  0.106
   12     6.59  10 0.7632  0.035 -0.062  0.100  0.037  0.095  0.081
   18     8.73  16 0.9241  0.008  0.007 -0.105  0.045 -0.048 -0.049
   24    18.91  22 0.6511 -0.153  0.206 -0.035 -0.103  0.044  0.025


                            The SAS System                           8
                                         17:12 Tuesday, March 27, 2012

                         The ARIMA Procedure

                   Autocorrelation Plot of Residuals
 
Lag Covariance Correlation -1 9 8 7 6 5 4 3 2 1 0 1 2 3 4 5 6 7 8 9 1

  0   0.903177     1.00000 |                    |********************|
  1  0.0079038     0.00875 |                .   |   .                |
  2  -0.034803     -.03853 |                .  *|   .                |
  3  -0.069963     -.07746 |                . **|   .                |
  4  -0.026953     -.02984 |                .  *|   .                |
  5  -0.083607     -.09257 |                . **|   .                |
  6   0.095377     0.10560 |                .   |** .                |
  7   0.031241     0.03459 |                .   |*  .                |
  8  -0.055974     -.06198 |                .  *|   .                |
  9   0.090254     0.09993 |                .   |** .                |
 10   0.033574     0.03717 |                .   |*  .                |
 11   0.085895     0.09510 |                .   |** .                |
 12   0.073377     0.08124 |                .   |** .                |
 13  0.0069257     0.00767 |                .   |   .                |
 14  0.0062626     0.00693 |                .   |   .                |
 15  -0.094809     -.10497 |                . **|   .                |
 16   0.040265     0.04458 |                .   |*  .                |
 17  -0.043303     -.04795 |                .  *|   .                |
 18  -0.043928     -.04864 |                .  *|   .                |
 19  -0.138205     -.15302 |                .***|   .                |
 20   0.186115     0.20607 |                .   |****                |
 21  -0.031663     -.03506 |               .   *|    .               |
 22  -0.093000     -.10297 |               .  **|    .               |
 23   0.039937     0.04422 |               .    |*   .               |
 24   0.022815     0.02526 |               .    |*   .               |

                    "." marks two standard errors


                       Inverse Autocorrelations
 
  Lag    Correlation    -1 9 8 7 6 5 4 3 2 1 0 1 2 3 4 5 6 7 8 9 1

    1       -0.00720    |                .   |   .                |
    2        0.02987    |                .   |*  .                |
    3        0.13345    |                .   |***.                |
    4        0.05896    |                .   |*  .                |
    5        0.06388    |                .   |*  .                |
    6       -0.15052    |                .***|   .                |
    7       -0.05781    |                .  *|   .                |
    8       -0.00882    |                .   |   .                |
    9       -0.16153    |                .***|   .                |
   10       -0.07341    |                .  *|   .                |
   11       -0.10169    |                . **|   .                |
   12       -0.11763    |                . **|   .                |
   13       -0.04116    |                .  *|   .                |
   14        0.02659    |                .   |*  .                |
   15        0.06754    |                .   |*  .                |
   16       -0.04574    |                .  *|   .                |
   17        0.05942    |                .   |*  .                |
   18        0.08951    |                .   |** .                |
                            The SAS System                           9
                                         17:12 Tuesday, March 27, 2012

                         The ARIMA Procedure

                       Inverse Autocorrelations
 
  Lag    Correlation    -1 9 8 7 6 5 4 3 2 1 0 1 2 3 4 5 6 7 8 9 1

   19        0.16171    |                .   |***.                |
   20       -0.13016    |                .***|   .                |
   21        0.04925    |                .   |*  .                |
   22        0.13377    |                .   |***.                |
   23       -0.02432    |                .   |   .                |
   24       -0.02138    |                .   |   .                |


                       Partial Autocorrelations
 
  Lag    Correlation    -1 9 8 7 6 5 4 3 2 1 0 1 2 3 4 5 6 7 8 9 1

    1        0.00875    |                .   |   .                |
    2       -0.03861    |                .  *|   .                |
    3       -0.07690    |                . **|   .                |
    4       -0.03038    |                .  *|   .                |
    5       -0.09900    |                . **|   .                |
    6        0.09955    |                .   |** .                |
    7        0.02120    |                .   |   .                |
    8       -0.07123    |                .  *|   .                |
    9        0.11747    |                .   |** .                |
   10        0.03108    |                .   |*  .                |
   11        0.11822    |                .   |** .                |
   12        0.09678    |                .   |** .                |
   13        0.00779    |                .   |   .                |
   14        0.07416    |                .   |*  .                |
   15       -0.10411    |                . **|   .                |
   16        0.06204    |                .   |*  .                |
   17       -0.05053    |                .  *|   .                |
   18       -0.10288    |                . **|   .                |
   19       -0.16068    |                .***|   .                |
   20        0.16140    |                .   |***.                |
   21       -0.07723    |                . **|   .                |
   22       -0.16267    |                .***|   .                |
   23        0.03074    |                .   |*  .                |
   24        0.02592    |                .   |*  .                |


                         Model for variable x

                      Estimated Mean     -0.0811


                        Moving Average Factors

             Factor 1:  1 + 0.38709 B**(1) - 0.0922 B**(2)
