                                                           The SAS System                      14:16 Wednesday, February 8, 2012   1

                                          Plot of y*x.  Legend: A = 1 obs, B = 2 obs, etc.

          y |
            |
         13 +                                                                                                          A
            |
            |
            |
            |
         12 +
            |
            |
            |
            |
         11 +
            |
            |
            |
            |
         10 +                                                                                A
            |
            |
            |
            |
          9 +                                                      A
            |
            |
            |
            |
          8 +                            A
            |
            |
            |
            |
          7 +
            |
            |
            |
            |
          6 +
            |
            |
            |
            |
          5 +
            |
            |
            |
            |
          4 +  A
            |
            ---+-------------------------+-------------------------+-------------------------+-------------------------+--
               1                         2                         3                         4                         5

                                                                   x
