                            The SAS System                           1
                                       15:42 Wednesday, March 28, 2012

                         The ARIMA Procedure

                        Name of Variable = x

        Period(s) of Differencing                          12
        Mean of Working Series                          0.025
        Standard Deviation                           0.726754
        Number of Observations                            108
        Observation(s) eliminated by differencing          12


                            Autocorrelations
 
Lag Covariance Correlation -1 9 8 7 6 5 4 3 2 1 0 1 2 3 4 5 6 7 8 9 1

  0   0.528171     1.00000 |                    |********************|
  1   0.173142     0.32781 |                .   |*******             |
  2   0.104225     0.19733 |                .   |****                |
  3   0.145677     0.27581 |                .   |******              |
  4   0.020787     0.03936 |               .    |*   .               |
  5  0.0086285     0.01634 |               .    |    .               |
  6   0.061956     0.11730 |               .    |**  .               |
  7   0.023223     0.04397 |               .    |*   .               |
  8 -0.0046296     -.00877 |               .    |    .               |
  9  -0.064682     -.12246 |               .  **|    .               |
 10  -0.065058     -.12318 |               .  **|    .               |
 11  -0.088559     -.16767 |               . ***|    .               |
 12  -0.277060     -.52457 |          **********|    .               |
 13  -0.112321     -.21266 |              . ****|     .              |
 14  -0.060498     -.11454 |              .   **|     .              |
 15  -0.123698     -.23420 |              .*****|     .              |
 16  -0.044676     -.08459 |              .   **|     .              |
 17 -0.0039178     -.00742 |              .     |     .              |
 18  -0.072882     -.13799 |              .  ***|     .              |
 19 -0.0029572     -.00560 |              .     |     .              |
 20  -0.010324     -.01955 |              .     |     .              |
 21  -0.013895     -.02631 |              .    *|     .              |
 22   0.022164     0.04196 |              .     |*    .              |
 23   0.011325     0.02144 |              .     |     .              |
 24   0.028773     0.05448 |              .     |*    .              |

                    "." marks two standard errors


                       Inverse Autocorrelations
 
  Lag    Correlation    -1 9 8 7 6 5 4 3 2 1 0 1 2 3 4 5 6 7 8 9 1

    1       -0.17851    |                ****|   .                |
    2       -0.15197    |                .***|   .                |
    3       -0.08922    |                . **|   .                |
    4        0.27045    |                .   |*****               |
    5       -0.04404    |                .  *|   .                |
    6       -0.24748    |               *****|   .                |
    7       -0.10606    |                . **|   .                |
    8        0.22071    |                .   |****                |
    9       -0.01193    |                .   |   .                |
                            The SAS System                           2
                                       15:42 Wednesday, March 28, 2012

                         The ARIMA Procedure

                       Inverse Autocorrelations
 
  Lag    Correlation    -1 9 8 7 6 5 4 3 2 1 0 1 2 3 4 5 6 7 8 9 1

   10       -0.11767    |                . **|   .                |
   11       -0.12185    |                . **|   .                |
   12        0.53906    |                .   |***********         |
   13       -0.04516    |                .  *|   .                |
   14       -0.08335    |                . **|   .                |
   15       -0.02074    |                .   |   .                |
   16        0.13576    |                .   |***.                |
   17       -0.03279    |                .  *|   .                |
   18       -0.07751    |                . **|   .                |
   19       -0.08340    |                . **|   .                |
   20        0.10009    |                .   |** .                |
   21        0.00229    |                .   |   .                |
   22       -0.03843    |                .  *|   .                |
   23       -0.06068    |                .  *|   .                |
   24        0.16170    |                .   |***.                |


                       Partial Autocorrelations
 
  Lag    Correlation    -1 9 8 7 6 5 4 3 2 1 0 1 2 3 4 5 6 7 8 9 1

    1        0.32781    |                .   |*******             |
    2        0.10069    |                .   |** .                |
    3        0.20898    |                .   |****                |
    4       -0.13300    |                .***|   .                |
    5       -0.01514    |                .   |   .                |
    6        0.08793    |                .   |** .                |
    7        0.01800    |                .   |   .                |
    8       -0.04585    |                .  *|   .                |
    9       -0.19500    |                ****|   .                |
   10       -0.04414    |                .  *|   .                |
   11       -0.08435    |                . **|   .                |
   12       -0.47968    |          **********|   .                |
   13        0.10534    |                .   |** .                |
   14        0.05990    |                .   |*  .                |
   15        0.00450    |                .   |   .                |
   16       -0.05990    |                .  *|   .                |
   17        0.05242    |                .   |*  .                |
   18        0.03228    |                .   |*  .                |
   19        0.08629    |                .   |** .                |
   20       -0.11460    |                . **|   .                |
   21       -0.07871    |                . **|   .                |
   22        0.01493    |                .   |   .                |
   23       -0.05251    |                .  *|   .                |
   24       -0.29600    |              ******|   .                |
                            The SAS System                           3
                                       15:42 Wednesday, March 28, 2012

                         The ARIMA Procedure

                Autocorrelation Check for White Noise
 
   To     Chi-       Pr >
  Lag   Square  DF  ChiSq -------------Autocorrelations------------

    6    26.71   6 0.0002  0.328  0.197  0.276  0.039  0.016  0.117
   12    68.08  12 <.0001  0.044 -0.009 -0.122 -0.123 -0.168 -0.525
   18    85.85  18 <.0001 -0.213 -0.115 -0.234 -0.085 -0.007 -0.138
   24    86.73  24 <.0001 -0.006 -0.020 -0.026  0.042  0.021  0.054


                 Conditional Least Squares Estimation
 
                              Standard                 Approx
 Parameter      Estimate         Error    t Value    Pr > |t|     Lag

 MU              0.03105       0.02206       1.41      0.1622       0
 MA1,1          -0.11635       0.06274      -1.85      0.0665       1
 MA1,2           0.79178       0.06568      12.05      <.0001      12


                   Constant Estimate      0.031046
                   Variance Estimate      0.295934
                   Std Error Estimate     0.543998
                   AIC                    177.9454
                   SBC                    185.9918
                   Number of Residuals         108
            * AIC and SBC do not include log determinant.


                 Correlations of Parameter Estimates
 
               Parameter        MU     MA1,1     MA1,2

               MU            1.000    -0.074    -0.086
               MA1,1        -0.074     1.000     0.374
               MA1,2        -0.086     0.374     1.000


                  Autocorrelation Check of Residuals
 
   To     Chi-       Pr >
  Lag   Square  DF  ChiSq -------------Autocorrelations------------

    6    16.07   4 0.0029  0.220  0.210  0.166  0.049 -0.003  0.142
   12    18.46  10 0.0477  0.035  0.040 -0.079  0.029 -0.025 -0.096
   18    25.92  16 0.0551 -0.094  0.025 -0.181  0.027 -0.064 -0.106
   24    28.63  22 0.1557  0.011  0.011 -0.067  0.117 -0.033  0.002


                        Model for variable x

                Estimated Mean               0.031046
                Period(s) of Differencing          12
                            The SAS System                           4
                                       15:42 Wednesday, March 28, 2012

                         The ARIMA Procedure

                        Moving Average Factors

            Factor 1:  1 + 0.11635 B**(1) - 0.79178 B**(12)


 
                       Forecasts for variable x
 
  Obs     Forecast  Std Error    95% Confidence Limits        Actual

   13      26.8310     0.5440      25.7648      27.8973      27.1000
   14      27.2623     0.5440      26.1961      28.3286      27.5000
   15      27.1587     0.5440      26.0925      28.2249      27.4000
   16      26.3591     0.5440      25.2929      27.4253      26.4000
   17      25.4358     0.5440      24.3696      26.5020      24.8000
   18      23.8571     0.5440      22.7909      24.9233      24.3000
   19      23.8826     0.5440      22.8164      24.9488      23.4000
   20      23.5749     0.5440      22.5087      24.6411      23.4000
   21      25.3107     0.5440      24.2445      26.3769      24.6000
   22      25.7484     0.5440      24.6821      26.8146      25.4000
   23      26.3905     0.5440      25.3243      27.4567      25.8000
   24      26.8623     0.5440      25.7961      27.9286      26.7000
   25      26.8992     0.5440      25.8330      27.9654      26.9000
   26      27.3430     0.5440      26.2767      28.4092      26.3000
   27      27.1186     0.5440      26.0524      28.1849      25.7000
   28      26.2336     0.5440      25.1674      27.2998      25.7000
   29      25.2724     0.5440      24.2062      26.3386      24.8000
   30      23.9254     0.5440      22.8592      24.9916      24.3000
   31      23.8567     0.5440      22.7905      24.9229      23.4000

                            Forecasts for
                              variable x
 
                           Obs     Residual

                            13       0.2690
                            14       0.2377
                            15       0.2413
                            16       0.0409
                            17      -0.6358
                            18       0.4429
                            19      -0.4826
                            20      -0.1749
                            21      -0.7107
                            22      -0.3484
                            23      -0.5905
                            24      -0.1623
                            25       0.0008
                            26      -1.0430
                            27      -1.4186
                            28      -0.5336
                            29      -0.4724
                            30       0.3746
                            31      -0.4567
                            The SAS System                           5
                                       15:42 Wednesday, March 28, 2012

                         The ARIMA Procedure

 
                       Forecasts for variable x
 
  Obs     Forecast  Std Error    95% Confidence Limits        Actual

   32      23.5164     0.5440      22.4502      24.5826      23.5000
   33      25.1919     0.5440      24.1256      26.2581      24.8000
   34      25.6613     0.5440      24.5951      26.7275      25.6000
   35      26.2915     0.5440      25.2253      27.3577      26.2000
   36      26.8489     0.5440      25.7827      27.9152      26.5000
   37      26.8898     0.5440      25.8236      27.9560      26.8000
   38      27.1464     0.5440      26.0802      28.2126      26.9000
   39      26.8256     0.5440      25.7594      27.8918      26.7000
   40      26.1389     0.5440      25.0727      27.2052      26.1000
   41      25.2005     0.5440      24.1343      26.2667      26.2000
   42      24.1507     0.5440      23.0845      25.2169      24.7000
   43      23.8566     0.5440      22.7904      24.9228      23.9000
   44      23.5491     0.5440      22.4829      24.6153      23.7000
   45      25.1589     0.5440      24.0927      26.2251      24.7000
   46      25.6262     0.5440      24.5600      26.6924      25.8000
   47      26.3237     0.5440      25.2575      27.3899      26.1000
   48      26.7813     0.5440      25.7151      27.8475      26.5000
   49      26.8694     0.5440      25.8032      27.9356      26.3000
   50      27.0599     0.5440      25.9937      28.1261      27.1000
   51      26.8352     0.5440      25.7690      27.9014      26.2000
   52      26.0880     0.5440      25.0218      27.1542      25.7000
   53      25.3945     0.5440      24.3283      26.4608      25.5000
   54      24.3084     0.5440      23.2422      25.3746      24.9000
   55      23.9655     0.5440      22.8993      25.0317      24.2000
   56      23.6388     0.5440      22.5726      24.7050      24.6000
   57      25.2062     0.5440      24.1400      26.2724      25.5000
   58      25.7276     0.5440      24.6614      26.7938      25.9000
   59      26.3282     0.5440      25.2620      27.3944      24.4000
   60      26.5294     0.5440      25.4632      27.5956      26.9000
   61      26.8250     0.5440      25.7588      27.8912      27.1000
   62      27.1313     0.5440      26.0651      28.1975      27.1000
   63      26.7303     0.5440      25.6641      27.7965      27.4000
   64      26.1161     0.5440      25.0499      27.1824      26.8000
   65      25.5271     0.5440      24.4609      26.5933      25.4000
   66      24.4478     0.5440      23.3816      25.5141      24.8000
   67      24.0864     0.5440      23.0201      25.1526      23.6000
   68      23.8134     0.5440      22.7472      24.8796      23.9000
   69      25.3085     0.5440      24.2423      26.3747      25.0000
   70      25.7586     0.5440      24.6924      26.8249      25.9000
   71      25.9742     0.5440      24.9080      27.0404      26.3000
   72      26.6755     0.5440      25.6093      27.7417      26.6000
   73      26.9045     0.5440      25.8383      27.9708      26.8000
   74      27.1436     0.5440      26.0774      28.2099      27.1000
   75      26.8957     0.5440      25.8295      27.9620      27.4000
   76      26.3483     0.5440      25.2820      27.4145      26.4000
   77      25.5377     0.5440      24.4715      26.6039      25.5000
   78      24.5478     0.5440      23.4816      25.6140      24.7000
   79      24.0338     0.5440      22.9676      25.1001      24.3000
   80      23.8935     0.5440      22.8272      24.9597      24.4000
   81      25.3342     0.5440      24.2680      26.4005      24.8000
                            The SAS System                           6
                                       15:42 Wednesday, March 28, 2012

                         The ARIMA Procedure

                            Forecasts for
                              variable x
 
                           Obs     Residual

                            32      -0.0164
                            33      -0.3919
                            34      -0.0613
                            35      -0.0915
                            36      -0.3489
                            37      -0.0898
                            38      -0.2464
                            39      -0.1256
                            40      -0.0389
                            41       0.9995
                            42       0.5493
                            43       0.0434
                            44       0.1509
                            45      -0.4589
                            46       0.1738
                            47      -0.2237
                            48      -0.2813
                            49      -0.5694
                            50       0.0401
                            51      -0.6352
                            52      -0.3880
                            53       0.1055
                            54       0.5916
                            55       0.2345
                            56       0.9612
                            57       0.2938
                            58       0.1724
                            59      -1.9282
                            60       0.3706
                            61       0.2750
                            62      -0.0313
                            63       0.6697
                            64       0.6839
                            65      -0.1271
                            66       0.3522
                            67      -0.4864
                            68       0.0866
                            69      -0.3085
                            70       0.1414
                            71       0.3258
                            72      -0.0755
                            73      -0.1045
                            74      -0.0436
                            75       0.5043
                            76       0.0517
                            77      -0.0377
                            78       0.1522
                            79       0.2662
                            80       0.5065
                            81      -0.5342
                            The SAS System                           7
                                       15:42 Wednesday, March 28, 2012

                         The ARIMA Procedure

 
                       Forecasts for variable x
 
  Obs     Forecast  Std Error    95% Confidence Limits        Actual

   82      25.7570     0.5440      24.6907      26.8232      26.2000
   83      26.1246     0.5440      25.0584      27.1909      26.3000
   84      26.7113     0.5440      25.6450      27.7775      27.0000
   85      26.9474     0.5440      25.8812      28.0136      27.1000
   86      27.1834     0.5440      26.1171      28.2496      27.5000
   87      27.0686     0.5440      26.0024      28.1348      26.2000
   88      26.2890     0.5440      25.2228      27.3552      28.2000
   89      25.7833     0.5440      24.7170      26.8495      27.1000
   90      24.7638     0.5440      23.6975      25.8300      25.4000
   91      24.1943     0.5440      23.1281      25.2605      25.6000
   92      24.1935     0.5440      23.1273      25.2597      24.5000
   93      25.2897     0.5440      24.2235      26.3559      24.7000
   94      25.8116     0.5440      24.7454      26.8779      26.0000
   95      26.2141     0.5440      25.1479      27.2803      26.5000
   96      26.8357     0.5440      25.7695      27.9019      26.8000
   97      27.0061     0.5440      25.9399      28.0723      26.3000
   98      27.1982     0.5440      26.1320      28.2644      26.7000
   99      26.8608     0.5440      25.7946      27.9271      26.6000
  100      26.6876     0.5440      25.6214      27.7538      25.8000
  101      25.9852     0.5440      24.9190      27.0514      25.2000
  102      24.8359     0.5440      23.7697      25.9021      25.1000
  103      24.5488     0.5440      23.4826      25.6150      23.3000
  104      24.1431     0.5440      23.0769      25.2093      23.8000
  105      25.1580     0.5440      24.0918      26.2243      25.2000
  106      25.8868     0.5440      24.8206      26.9530      25.5000
  107      26.2597     0.5440      25.1935      27.3259      26.4000
  108      26.8756     0.5440      25.8094      27.9418      26.7000
  109      26.8697     0.5440      25.8035      27.9359      27.0000
  110      27.1407     0.5440      26.0744      28.2069      27.4000
  111      26.8677     0.5440      25.8015      27.9340      27.0000
  112      26.5492     0.5440      25.4830      27.6154      26.3000
  113      25.8238     0.5440      24.7575      26.8900      25.9000
  114      24.9308     0.5440      23.8646      25.9970      24.6000
  115      24.2813     0.5440      23.2151      25.3475      24.1000
  116      24.0816     0.5440      23.0154      25.1478      24.3000
  117      25.2232     0.5440      24.1570      26.2895      25.2000
  118      25.8346     0.5440      24.7684      26.9008      26.3000
  119      26.3741     0.5440      25.3079      27.4403      26.4000
  120      26.8731     0.5440      25.8069      27.9393      26.7000
  121      26.9077     0.5440      25.8415      27.9739        .    
  122      27.2257     0.5477      26.1523      28.2991        .    
  123      26.9263     0.5477      25.8529      27.9997        .    
  124      26.5284     0.5477      25.4550      27.6018        .    
  125      25.8707     0.5477      24.7973      26.9441        .    
  126      24.8930     0.5477      23.8196      25.9664        .    
  127      24.2746     0.5477      23.2012      25.3480        .    
  128      24.1581     0.5477      23.0847      25.2315        .    
  129      25.2494     0.5477      24.1760      26.3229        .    
  130      25.9625     0.5477      24.8891      27.0360        .    
  131      26.4105     0.5477      25.3371      27.4840        .    
                            The SAS System                           8
                                       15:42 Wednesday, March 28, 2012

                         The ARIMA Procedure

                            Forecasts for
                              variable x
 
                           Obs     Residual

                            82       0.4430
                            83       0.1754
                            84       0.2887
                            85       0.1526
                            86       0.3166
                            87      -0.8686
                            88       1.9110
                            89       1.3167
                            90       0.6362
                            91       1.4057
                            92       0.3065
                            93      -0.5897
                            94       0.1884
                            95       0.2859
                            96      -0.0357
                            97      -0.7061
                            98      -0.4982
                            99      -0.2608
                           100      -0.8876
                           101      -0.7852
                           102       0.2641
                           103      -1.2488
                           104      -0.3431
                           105       0.0420
                           106      -0.3868
                           107       0.1403
                           108      -0.1756
                           109       0.1303
                           110       0.2593
                           111       0.1323
                           112      -0.2492
                           113       0.0762
                           114      -0.3308
                           115      -0.1813
                           116       0.2184
                           117      -0.0232
                           118       0.4654
                           119       0.0259
                           120      -0.1731
                           121        .    
                           122        .    
                           123        .    
                           124        .    
                           125        .    
                           126        .    
                           127        .    
                           128        .    
                           129        .    
                           130        .    
                           131        .    
                            The SAS System                           9
                                       15:42 Wednesday, March 28, 2012

                         The ARIMA Procedure

 
                       Forecasts for variable x
 
  Obs     Forecast  Std Error    95% Confidence Limits        Actual

  132      26.8681     0.5477      25.7947      27.9415        .    
  133      26.9388     0.5593      25.8426      28.0349        .    
  134      27.2567     0.5628      26.1536      28.3599        .    
  135      26.9574     0.5628      25.8543      28.0605        .    
  136      26.5594     0.5628      25.4563      27.6626        .    
  137      25.9017     0.5628      24.7986      27.0048        .    
  138      24.9240     0.5628      23.8209      26.0272        .    
  139      24.3057     0.5628      23.2025      25.4088        .    
  140      24.1892     0.5628      23.0860      25.2923        .    
  141      25.2805     0.5628      24.1774      26.3836        .    
  142      25.9936     0.5628      24.8905      27.0967        .    
  143      26.4416     0.5628      25.3385      27.5447        .    
  144      26.8992     0.5628      25.7960      28.0023        .    

                            Forecasts for
                              variable x
 
                           Obs     Residual

                           132        .    
                           133        .    
                           134        .    
                           135        .    
                           136        .    
                           137        .    
                           138        .    
                           139        .    
                           140        .    
                           141        .    
                           142        .    
                           143        .    
                           144        .    
