                                                           The SAS System                          16:03 Tuesday, March 27, 2012   1

                                                        The ARIMA Procedure

                                                        Name of Variable = x

                                                 Mean of Working Series    5.016341
                                                 Standard Deviation        3.169362
                                                 Number of Observations          99


                                                          Autocorrelations
 
                   Lag    Covariance    Correlation    -1 9 8 7 6 5 4 3 2 1 0 1 2 3 4 5 6 7 8 9 1      Std Error

                     0     10.044854        1.00000    |                    |********************|             0
                     1      9.161191        0.91203    |                .   |******************  |      0.100504
                     2      8.453074        0.84153    |             .      |*****************   |      0.164027
                     3      8.188363        0.81518    |            .       |****************    |      0.203006
                     4      7.873302        0.78381    |           .        |****************    |      0.233744
                     5      7.619229        0.75852    |          .         |***************     |      0.258936
                     6      7.607151        0.75732    |         .          |***************     |      0.280483
                     7      7.437931        0.74047    |        .           |***************     |      0.300429
                     8      7.169507        0.71375    |       .            |**************      |      0.318330
                     9      7.013198        0.69819    |       .            |**************      |      0.334104
                    10      6.751591        0.67214    |      .             |*************.      |      0.348531
                    11      6.472376        0.64435    |      .             |*************.      |      0.361387
                    12      6.153731        0.61263    |     .              |************  .     |      0.372811
                    13      5.819358        0.57934    |     .              |************  .     |      0.382845
                    14      5.510669        0.54861    |    .               |***********    .    |      0.391600
                    15      5.253492        0.52300    |    .               |**********     .    |      0.399288
                    16      4.996807        0.49745    |    .               |**********     .    |      0.406148
                    17      4.645043        0.46243    |    .               |*********      .    |      0.412257
                    18      4.276685        0.42576    |   .                |*********       .   |      0.417463
                    19      4.058695        0.40406    |   .                |********        .   |      0.421827
                    20      3.983756        0.39660    |   .                |********        .   |      0.425718
                    21      3.543312        0.35275    |   .                |*******         .   |      0.429434
                    22      3.122685        0.31087    |   .                |******          .   |      0.432351
                    23      2.997235        0.29839    |   .                |******          .   |      0.434603
                    24      2.691329        0.26793    |   .                |*****           .   |      0.436667

                                                   "." marks two standard errors


                                                      Inverse Autocorrelations
 
                                 Lag    Correlation    -1 9 8 7 6 5 4 3 2 1 0 1 2 3 4 5 6 7 8 9 1

                                   1       -0.54647    |         ***********|   .                |
                                   2        0.11371    |                .   |** .                |
                                   3       -0.04442    |                .  *|   .                |
                                   4       -0.03046    |                .  *|   .                |
                                   5        0.11782    |                .   |** .                |
                                   6       -0.10738    |                . **|   .                |
                                   7       -0.02160    |                .   |   .                |
                                   8        0.06402    |                .   |*  .                |
                                   9       -0.06317    |                .  *|   .                |
                                  10        0.04676    |                .   |*  .                |
                                  11       -0.05140    |                .  *|   .                |
                                  12        0.00804    |                .   |   .                |
                                                           The SAS System                          16:03 Tuesday, March 27, 2012   2

                                                        The ARIMA Procedure

                                                      Inverse Autocorrelations
 
                                 Lag    Correlation    -1 9 8 7 6 5 4 3 2 1 0 1 2 3 4 5 6 7 8 9 1

                                  13       -0.00797    |                .   |   .                |
                                  14        0.05450    |                .   |*  .                |
                                  15       -0.02831    |                .  *|   .                |
                                  16       -0.05580    |                .  *|   .                |
                                  17        0.06458    |                .   |*  .                |
                                  18       -0.04019    |                .  *|   .                |
                                  19        0.11764    |                .   |** .                |
                                  20       -0.15347    |                .***|   .                |
                                  21        0.01124    |                .   |   .                |
                                  22        0.12604    |                .   |***.                |
                                  23       -0.10909    |                . **|   .                |
                                  24        0.03677    |                .   |*  .                |


                                                      Partial Autocorrelations
 
                                 Lag    Correlation    -1 9 8 7 6 5 4 3 2 1 0 1 2 3 4 5 6 7 8 9 1

                                   1        0.91203    |                .   |******************  |
                                   2        0.05789    |                .   |*  .                |
                                   3        0.23450    |                .   |*****               |
                                   4        0.00900    |                .   |   .                |
                                   5        0.08964    |                .   |** .                |
                                   6        0.15603    |                .   |***.                |
                                   7       -0.02393    |                .   |   .                |
                                   8        0.00105    |                .   |   .                |
                                   9        0.03245    |                .   |*  .                |
                                  10       -0.06026    |                .  *|   .                |
                                  11       -0.00107    |                .   |   .                |
                                  12       -0.09295    |                . **|   .                |
                                  13       -0.04736    |                .  *|   .                |
                                  14       -0.03162    |                .  *|   .                |
                                  15       -0.02499    |                .   |   .                |
                                  16       -0.01755    |                .   |   .                |
                                  17       -0.08357    |                . **|   .                |
                                  18       -0.05185    |                .  *|   .                |
                                  19        0.05028    |                .   |*  .                |
                                  20        0.08500    |                .   |** .                |
                                  21       -0.18394    |                ****|   .                |
                                  22       -0.02107    |                .   |   .                |
                                  23        0.09127    |                .   |** .                |
                                  24       -0.07054    |                .  *|   .                |


                                                           The SAS System                          16:03 Tuesday, March 27, 2012   3

                                                        The ARIMA Procedure

                                                Autocorrelation Check for White Noise
 
                     To        Chi-             Pr >
                    Lag      Square     DF     ChiSq    --------------------Autocorrelations--------------------

                      6      414.61      6    <.0001     0.912     0.842     0.815     0.784     0.759     0.757
                     12      725.40     12    <.0001     0.740     0.714     0.698     0.672     0.644     0.613
                     18      910.66     18    <.0001     0.579     0.549     0.523     0.497     0.462     0.426
                     24     1000.75     24    <.0001     0.404     0.397     0.353     0.311     0.298     0.268


                                              Squared Canonical Correlation Estimates
 
                                  Lags      MA 0      MA 1      MA 2      MA 3      MA 4      MA 5

                                  AR 0    0.8607    0.7713    0.7717    0.7593    0.7483    0.7701
                                  AR 1    0.0190    0.1044    0.0015    0.0002    0.0126    0.0226
                                  AR 2    0.1249    0.0577    <.0001    0.0023    0.0044    0.0238
                                  AR 3    0.0142    0.0162    0.0131    0.0041    0.0004    0.0085
                                  AR 4    0.0345    0.0003    0.0245    0.0158    0.0084    0.0045
                                  AR 5    0.0521    0.0232    0.0216    0.0017    <.0001    0.0016


                                               SCAN Chi-Square[1] Probability Values
 
                                  Lags      MA 0      MA 1      MA 2      MA 3      MA 4      MA 5

                                  AR 0    <.0001    <.0001    <.0001    0.0001    0.0006    0.0014
                                  AR 1    0.1703    0.0014    0.7381    0.9108    0.3380    0.2050
                                  AR 2    0.0003    0.0405    0.9470    0.6855    0.6073    0.2443
                                  AR 3    0.2417    0.2790    0.3351    0.6280    0.8799    0.5218
                                  AR 4    0.0680    0.8924    0.1743    0.3659    0.5103    0.6185
                                  AR 5    0.0249    0.2227    0.3230    0.7497    0.9830    0.7663


                                              Extended Sample Autocorrelation Function
 
                                  Lags      MA 0      MA 1      MA 2      MA 3      MA 4      MA 5

                                  AR 0    0.9120    0.8415    0.8152    0.7838    0.7585    0.7573
                                  AR 1   -0.1560   -0.3376    0.0316   -0.0191   -0.1112    0.1412
                                  AR 2   -0.3446   -0.3754   -0.0248   -0.0021   -0.0537    0.1442
                                  AR 3   -0.3158   -0.3780    0.0110   -0.1148   -0.0248    0.0832
                                  AR 4   -0.4630   -0.0548   -0.3073   -0.1322   -0.0927    0.0663
                                  AR 5   -0.4973    0.0917   -0.4736    0.1983   -0.0199   -0.1110


                                                           The SAS System                          16:03 Tuesday, March 27, 2012   4

                                                        The ARIMA Procedure

                                                      ESACF Probability Values
 
                                  Lags      MA 0      MA 1      MA 2      MA 3      MA 4      MA 5

                                  AR 0    <.0001    <.0001    <.0001    0.0008    0.0034    0.0069
                                  AR 1    0.1226    0.0012    0.7834    0.8681    0.3329    0.2237
                                  AR 2    0.0007    0.0003    0.8313    0.9858    0.6747    0.2319
                                  AR 3    0.0020    0.0003    0.9252    0.3141    0.8440    0.4863
                                  AR 4    <.0001    0.6479    0.0219    0.2816    0.4679    0.6148
                                  AR 5    <.0001    0.4848    <.0001    0.1642    0.8928    0.4856


                                                        ARMA(p+d,q) Tentative
                                                        Order Selection Tests
 
                                                       ---SCAN--    --ESACF--
                                                       p+d     q    p+d     q

                                                         1     2      1     2
                                                         3     1      2     2
                                                                      3     2
                                                                      5     3

                                                      (5% Significance Level)


                                              Augmented Dickey-Fuller Unit Root Tests
 
                      Type           Lags         Rho    Pr < Rho        Tau    Pr < Tau          F    Pr > F

                      Zero Mean         0     -0.9158      0.4857      -0.45      0.5157                     
                                        1     -0.2662      0.6205      -0.15      0.6285                     
                                        2      0.7163      0.8555       0.62      0.8489                     
                      Single Mean       0     -7.2605      0.2489      -1.95      0.3066       2.15    0.5286
                                        1     -5.7542      0.3582      -1.75      0.4036       1.94    0.5819
                                        2     -2.3085      0.7376      -1.03      0.7392       1.47    0.7002
                      Trend             0    -70.1100      0.0003      -7.22      <.0001      26.10    0.0010
                                        1    -120.469      0.0001      -7.52      <.0001      28.30    0.0010
                                        2    -113.148      0.0001      -5.81      <.0001      16.88    0.0010
                                                           The SAS System                          16:03 Tuesday, March 27, 2012   5

                                                        The ARIMA Procedure

                                                       Name of Variable = x

                                       Period(s) of Differencing                           1
                                       Mean of Working Series                       0.083523
                                       Standard Deviation                           1.197922
                                       Number of Observations                             98
                                       Observation(s) eliminated by differencing           1


                                                          Autocorrelations
 
                   Lag    Covariance    Correlation    -1 9 8 7 6 5 4 3 2 1 0 1 2 3 4 5 6 7 8 9 1      Std Error

                     0      1.435016        1.00000    |                    |********************|             0
                     1     -0.258222        -.17994    |                ****|   .                |      0.101015
                     2     -0.484497        -.33762    |             *******|   .                |      0.104235
                     3      0.045101        0.03143    |               .    |*   .               |      0.114853
                     4     -0.027354        -.01906    |               .    |    .               |      0.114941
                     5     -0.163172        -.11371    |               .  **|    .               |      0.114973
                     6      0.202829        0.14134    |               .    |*** .               |      0.116115
                     7      0.041387        0.02884    |               .    |*   .               |      0.117857
                     8     -0.182662        -.12729    |               . ***|    .               |      0.117929
                     9      0.107886        0.07518    |               .    |**  .               |      0.119323
                    10     -0.011167        -.00778    |               .    |    .               |      0.119806
                    11      0.047958        0.03342    |               .    |*   .               |      0.119811
                    12      0.053929        0.03758    |               .    |*   .               |      0.119906
                    13     -0.017045        -.01188    |               .    |    .               |      0.120026
                    14     -0.018572        -.01294    |               .    |    .               |      0.120038
                    15     -0.125546        -.08749    |               .  **|    .               |      0.120052
                    16      0.119275        0.08312    |               .    |**  .               |      0.120701
                    17      0.069112        0.04816    |               .    |*   .               |      0.121284
                    18     -0.136781        -.09532    |               .  **|    .               |      0.121479
                    19     -0.223790        -.15595    |               . ***|    .               |      0.122239
                    20      0.425141        0.29626    |               .    |******              |      0.124253
                    21     -0.029889        -.02083    |               .    |    .               |      0.131263
                    22     -0.279004        -.19443    |               .****|    .               |      0.131297
                    23      0.117075        0.08158    |               .    |**  .               |      0.134203
                    24      0.033840        0.02358    |               .    |    .               |      0.134708

                                                   "." marks two standard errors


                                                      Inverse Autocorrelations
 
                                 Lag    Correlation    -1 9 8 7 6 5 4 3 2 1 0 1 2 3 4 5 6 7 8 9 1

                                   1        0.77489    |                .   |***************     |
                                   2        0.74508    |                .   |***************     |
                                   3        0.61753    |                .   |************        |
                                   4        0.50095    |                .   |**********          |
                                   5        0.38140    |                .   |********            |
                                   6        0.21833    |                .   |****                |
                                   7        0.11597    |                .   |** .                |
                                   8        0.02897    |                .   |*  .                |
                                   9       -0.06575    |                .  *|   .                |
                                  10       -0.10430    |                . **|   .                |
                                                           The SAS System                          16:03 Tuesday, March 27, 2012   6

                                                        The ARIMA Procedure

                                                      Inverse Autocorrelations
 
                                 Lag    Correlation    -1 9 8 7 6 5 4 3 2 1 0 1 2 3 4 5 6 7 8 9 1

                                  11       -0.14107    |                .***|   .                |
                                  12       -0.14164    |                .***|   .                |
                                  13       -0.11147    |                . **|   .                |
                                  14       -0.07810    |                . **|   .                |
                                  15       -0.03911    |                .  *|   .                |
                                  16       -0.02924    |                .  *|   .                |
                                  17        0.02558    |                .   |*  .                |
                                  18        0.03503    |                .   |*  .                |
                                  19        0.07425    |                .   |*  .                |
                                  20        0.02263    |                .   |   .                |
                                  21        0.05641    |                .   |*  .                |
                                  22        0.05910    |                .   |*  .                |
                                  23        0.02823    |                .   |*  .                |
                                  24        0.02023    |                .   |   .                |


                                                      Partial Autocorrelations
 
                                 Lag    Correlation    -1 9 8 7 6 5 4 3 2 1 0 1 2 3 4 5 6 7 8 9 1

                                   1       -0.17994    |                ****|   .                |
                                   2       -0.38239    |            ********|   .                |
                                   3       -0.14691    |                .***|   .                |
                                   4       -0.21941    |                ****|   .                |
                                   5       -0.28041    |              ******|   .                |
                                   6       -0.08479    |                . **|   .                |
                                   7       -0.13742    |                .***|   .                |
                                   8       -0.20616    |                ****|   .                |
                                   9       -0.09433    |                . **|   .                |
                                  10       -0.19163    |                ****|   .                |
                                  11       -0.04056    |                .  *|   .                |
                                  12       -0.04588    |                .  *|   .                |
                                  13       -0.01362    |                .   |   .                |
                                  14        0.06281    |                .   |*  .                |
                                  15       -0.07892    |                . **|   .                |
                                  16        0.11423    |                .   |** .                |
                                  17        0.11241    |                .   |** .                |
                                  18        0.02292    |                .   |   .                |
                                  19       -0.15836    |                .***|   .                |
                                  20        0.20664    |                .   |****                |
                                  21        0.04648    |                .   |*  .                |
                                  22       -0.06154    |                .  *|   .                |
                                  23       -0.03082    |                .  *|   .                |
                                  24       -0.07220    |                .  *|   .                |


                                                           The SAS System                          16:03 Tuesday, March 27, 2012   7

                                                        The ARIMA Procedure

                                                Autocorrelation Check for White Noise
 
                     To        Chi-             Pr >
                    Lag      Square     DF     ChiSq    --------------------Autocorrelations--------------------

                      6       18.54      6    0.0050    -0.180    -0.338     0.031    -0.019    -0.114     0.141
                     12       21.31     12    0.0460     0.029    -0.127     0.075    -0.008     0.033     0.038
                     18       24.47     18    0.1403    -0.012    -0.013    -0.087     0.083     0.048    -0.095
                     24       44.38     24    0.0069    -0.156     0.296    -0.021    -0.194     0.082     0.024


                                              Squared Canonical Correlation Estimates
 
                                  Lags      MA 0      MA 1      MA 2      MA 3      MA 4      MA 5

                                  AR 0    0.0328    0.1182    0.0010    0.0004    0.0139    0.0215
                                  AR 1    0.1529    0.0577    0.0003    0.0017    0.0062    0.0209
                                  AR 2    0.0262    0.0187    0.0144    0.0063    <.0001    0.0035
                                  AR 3    0.0547    0.0002    0.0273    0.0130    0.0037    0.0017
                                  AR 4    0.0827    0.0225    0.0221    0.0003    0.0002    0.0015
                                  AR 5    0.0078    0.0087    0.0179    0.0002    <.0001    0.0037


                                               SCAN Chi-Square[1] Probability Values
 
                                  Lags      MA 0      MA 1      MA 2      MA 3      MA 4      MA 5

                                  AR 0    0.0705    0.0007    0.7823    0.8672    0.3148    0.2164
                                  AR 1    <.0001    0.0406    0.8898    0.7300    0.5404    0.2717
                                  AR 2    0.1107    0.2547    0.3182    0.5406    0.9459    0.6820
                                  AR 3    0.0207    0.9020    0.1705    0.4095    0.6636    0.8020
                                  AR 4    0.0044    0.2352    0.3103    0.8907    0.9146    0.8062
                                  AR 5    0.3929    0.4303    0.2849    0.9185    0.9408    0.7177


                                              Extended Sample Autocorrelation Function
 
                                  Lags      MA 0      MA 1      MA 2      MA 3      MA 4      MA 5

                                  AR 0   -0.1799   -0.3376    0.0314   -0.0191   -0.1137    0.1413
                                  AR 1   -0.3991   -0.3676   -0.0798    0.0004   -0.0545    0.1436
                                  AR 2   -0.3540   -0.3820    0.0374   -0.0771   -0.0190    0.0746
                                  AR 3   -0.4810   -0.0549   -0.3035   -0.1276   -0.1427    0.0661
                                  AR 4   -0.5044    0.0913   -0.4877    0.1498   -0.0455   -0.1723
                                  AR 5   -0.2857   -0.3913   -0.4763   -0.1220   -0.0394   -0.1190


                                                           The SAS System                          16:03 Tuesday, March 27, 2012   8

                                                        The ARIMA Procedure

                                                      ESACF Probability Values
 
                                  Lags      MA 0      MA 1      MA 2      MA 3      MA 4      MA 5

                                  AR 0    0.0749    0.0012    0.7844    0.8683    0.3227    0.2235
                                  AR 1    <.0001    0.0004    0.5026    0.9975    0.6714    0.2313
                                  AR 2    0.0005    0.0002    0.7493    0.4798    0.8825    0.5437
                                  AR 3    <.0001    0.6489    0.0239    0.2984    0.3018    0.6104
                                  AR 4    <.0001    0.4891    <.0001    0.2760    0.7377    0.2134
                                  AR 5    0.0059    0.0002    <.0001    0.3345    0.8158    0.4590


                                                        ARMA(p+d,q) Tentative
                                                        Order Selection Tests
 
                                                       ---SCAN--    --ESACF--
                                                       p+d     q    p+d     q

                                                         0     2      0     2
                                                         2     1      1     2
                                                         5     0      2     2
                                                                      4     3
                                                                      5     3

                                                      (5% Significance Level)


                                              Augmented Dickey-Fuller Unit Root Tests
 
                      Type           Lags         Rho    Pr < Rho        Tau    Pr < Tau          F    Pr > F

                      Zero Mean         0    -113.933      0.0001     -11.66      <.0001                     
                                        1    -253.796      0.0001     -10.97      <.0001                     
                                        2    -569.931      0.0001      -8.18      <.0001                     
                      Single Mean       0    -114.630      0.0001     -11.68      <.0001      68.22    0.0010
                                        1    -264.699      0.0001     -11.10      <.0001      61.62    0.0010
                                        2    -812.518      0.0001      -8.43      <.0001      35.54    0.0010
                      Trend             0    -114.614      0.0001     -11.62      <.0001      67.54    0.0010
                                        1    -264.761      0.0001     -11.04      <.0001      60.94    0.0010
                                        2    -811.065      0.0001      -8.37      <.0001      35.14    0.0010
                                                           The SAS System                          16:03 Tuesday, March 27, 2012   9

                                                        The ARIMA Procedure

                                                       Name of Variable = x

                                       Period(s) of Differencing                           1
                                       Mean of Working Series                       0.083523
                                       Standard Deviation                           1.197922
                                       Number of Observations                             98
                                       Observation(s) eliminated by differencing           1


                                                          Autocorrelations
 
                   Lag    Covariance    Correlation    -1 9 8 7 6 5 4 3 2 1 0 1 2 3 4 5 6 7 8 9 1      Std Error

                     0      1.435016        1.00000    |                    |********************|             0
                     1     -0.258222        -.17994    |                ****|   .                |      0.101015
                     2     -0.484497        -.33762    |             *******|   .                |      0.104235
                     3      0.045101        0.03143    |               .    |*   .               |      0.114853
                     4     -0.027354        -.01906    |               .    |    .               |      0.114941
                     5     -0.163172        -.11371    |               .  **|    .               |      0.114973
                     6      0.202829        0.14134    |               .    |*** .               |      0.116115
                     7      0.041387        0.02884    |               .    |*   .               |      0.117857
                     8     -0.182662        -.12729    |               . ***|    .               |      0.117929
                     9      0.107886        0.07518    |               .    |**  .               |      0.119323
                    10     -0.011167        -.00778    |               .    |    .               |      0.119806
                    11      0.047958        0.03342    |               .    |*   .               |      0.119811
                    12      0.053929        0.03758    |               .    |*   .               |      0.119906
                    13     -0.017045        -.01188    |               .    |    .               |      0.120026
                    14     -0.018572        -.01294    |               .    |    .               |      0.120038
                    15     -0.125546        -.08749    |               .  **|    .               |      0.120052
                    16      0.119275        0.08312    |               .    |**  .               |      0.120701
                    17      0.069112        0.04816    |               .    |*   .               |      0.121284
                    18     -0.136781        -.09532    |               .  **|    .               |      0.121479
                    19     -0.223790        -.15595    |               . ***|    .               |      0.122239
                    20      0.425141        0.29626    |               .    |******              |      0.124253
                    21     -0.029889        -.02083    |               .    |    .               |      0.131263
                    22     -0.279004        -.19443    |               .****|    .               |      0.131297
                    23      0.117075        0.08158    |               .    |**  .               |      0.134203
                    24      0.033840        0.02358    |               .    |    .               |      0.134708

                                                   "." marks two standard errors


                                                      Inverse Autocorrelations
 
                                 Lag    Correlation    -1 9 8 7 6 5 4 3 2 1 0 1 2 3 4 5 6 7 8 9 1

                                   1        0.77489    |                .   |***************     |
                                   2        0.74508    |                .   |***************     |
                                   3        0.61753    |                .   |************        |
                                   4        0.50095    |                .   |**********          |
                                   5        0.38140    |                .   |********            |
                                   6        0.21833    |                .   |****                |
                                   7        0.11597    |                .   |** .                |
                                   8        0.02897    |                .   |*  .                |
                                   9       -0.06575    |                .  *|   .                |
                                  10       -0.10430    |                . **|   .                |
                                                           The SAS System                          16:03 Tuesday, March 27, 2012  10

                                                        The ARIMA Procedure

                                                      Inverse Autocorrelations
 
                                 Lag    Correlation    -1 9 8 7 6 5 4 3 2 1 0 1 2 3 4 5 6 7 8 9 1

                                  11       -0.14107    |                .***|   .                |
                                  12       -0.14164    |                .***|   .                |
                                  13       -0.11147    |                . **|   .                |
                                  14       -0.07810    |                . **|   .                |
                                  15       -0.03911    |                .  *|   .                |
                                  16       -0.02924    |                .  *|   .                |
                                  17        0.02558    |                .   |*  .                |
                                  18        0.03503    |                .   |*  .                |
                                  19        0.07425    |                .   |*  .                |
                                  20        0.02263    |                .   |   .                |
                                  21        0.05641    |                .   |*  .                |
                                  22        0.05910    |                .   |*  .                |
                                  23        0.02823    |                .   |*  .                |
                                  24        0.02023    |                .   |   .                |


                                                      Partial Autocorrelations
 
                                 Lag    Correlation    -1 9 8 7 6 5 4 3 2 1 0 1 2 3 4 5 6 7 8 9 1

                                   1       -0.17994    |                ****|   .                |
                                   2       -0.38239    |            ********|   .                |
                                   3       -0.14691    |                .***|   .                |
                                   4       -0.21941    |                ****|   .                |
                                   5       -0.28041    |              ******|   .                |
                                   6       -0.08479    |                . **|   .                |
                                   7       -0.13742    |                .***|   .                |
                                   8       -0.20616    |                ****|   .                |
                                   9       -0.09433    |                . **|   .                |
                                  10       -0.19163    |                ****|   .                |
                                  11       -0.04056    |                .  *|   .                |
                                  12       -0.04588    |                .  *|   .                |
                                  13       -0.01362    |                .   |   .                |
                                  14        0.06281    |                .   |*  .                |
                                  15       -0.07892    |                . **|   .                |
                                  16        0.11423    |                .   |** .                |
                                  17        0.11241    |                .   |** .                |
                                  18        0.02292    |                .   |   .                |
                                  19       -0.15836    |                .***|   .                |
                                  20        0.20664    |                .   |****                |
                                  21        0.04648    |                .   |*  .                |
                                  22       -0.06154    |                .  *|   .                |
                                  23       -0.03082    |                .  *|   .                |
                                  24       -0.07220    |                .  *|   .                |


                                                           The SAS System                          16:03 Tuesday, March 27, 2012  11

                                                        The ARIMA Procedure

                                                Autocorrelation Check for White Noise
 
                     To        Chi-             Pr >
                    Lag      Square     DF     ChiSq    --------------------Autocorrelations--------------------

                      6       18.54      6    0.0050    -0.180    -0.338     0.031    -0.019    -0.114     0.141
                     12       21.31     12    0.0460     0.029    -0.127     0.075    -0.008     0.033     0.038
                     18       24.47     18    0.1403    -0.012    -0.013    -0.087     0.083     0.048    -0.095
                     24       44.38     24    0.0069    -0.156     0.296    -0.021    -0.194     0.082     0.024


                                                Conditional Least Squares Estimation
 
                                                             Standard                 Approx
                                Parameter      Estimate         Error    t Value    Pr > |t|     Lag

                                MU              0.09791     0.0066892      14.64      <.0001       0
                                MA1,1           0.50641       0.09197       5.51      <.0001       1
                                MA1,2           0.44524       0.09239       4.82      <.0001       2


                                                  Constant Estimate      0.097914
                                                  Variance Estimate      0.970205
                                                  Std Error Estimate      0.98499
                                                  AIC                    278.1008
                                                  SBC                    285.8557
                                                  Number of Residuals          98
                                           * AIC and SBC do not include log determinant.


                                                Correlations of Parameter Estimates
 
                                              Parameter        MU     MA1,1     MA1,2

                                              MU            1.000    -0.042    -0.100
                                              MA1,1        -0.042     1.000    -0.906
                                              MA1,2        -0.100    -0.906     1.000


                                                 Autocorrelation Check of Residuals
 
                     To        Chi-             Pr >
                    Lag      Square     DF     ChiSq    --------------------Autocorrelations--------------------

                      6        3.02      4    0.5548    -0.026    -0.072    -0.015    -0.011    -0.071     0.132
                     12        7.25     10    0.7020     0.057    -0.058     0.119     0.038     0.094     0.084
                     18        8.85     16    0.9197     0.021     0.016    -0.082     0.054    -0.024    -0.050
                     24       20.05     22    0.5800    -0.152     0.218    -0.035    -0.117     0.056     0.018


                                                       Model for variable x

                                               Estimated Mean               0.097914
                                               Period(s) of Differencing           1
                                                           The SAS System                          16:03 Tuesday, March 27, 2012  12

                                                        The ARIMA Procedure

                                                       Moving Average Factors

                                           Factor 1:  1 - 0.50641 B**(1) - 0.44524 B**(2)


                                                      Forecasts for variable x
 
                                    Obs       Forecast    Std Error       95% Confidence Limits

                                    100         9.6371       0.9850         7.7065        11.5676
                                    101        10.1281       1.0984         7.9752        12.2810
                                    102        10.2260       1.0995         8.0711        12.3810
                                    103        10.3239       1.1005         8.1670        12.4809
                                    104        10.4219       1.1015         8.2629        12.5808
                                    105        10.5198       1.1026         8.3588        12.6808
                                    106        10.6177       1.1036         8.4547        12.7807
                                    107        10.7156       1.1046         8.5506        12.8806
                                    108        10.8135       1.1056         8.6465        12.9805
                                    109        10.9114       1.1067         8.7424        13.0805
                                    110        11.0093       1.1077         8.8383        13.1804
                                    111        11.1073       1.1087         8.9342        13.2803
                                    112        11.2052       1.1097         9.0301        13.3802
                                    113        11.3031       1.1108         9.1260        13.4801
                                    114        11.4010       1.1118         9.2219        13.5800
                                    115        11.4989       1.1128         9.3179        13.6800
                                    116        11.5968       1.1138         9.4138        13.7799
                                    117        11.6947       1.1148         9.5097        13.8798
                                    118        11.7926       1.1159         9.6056        13.9797
                                    119        11.8906       1.1169         9.7015        14.0796
                                    120        11.9885       1.1179         9.7975        14.1795
                                    121        12.0864       1.1189         9.8934        14.2794
                                    122        12.1843       1.1199         9.9893        14.3793
                                    123        12.2822       1.1209        10.0852        14.4792
                                                           The SAS System                          16:03 Tuesday, March 27, 2012  13

                                                        The ARIMA Procedure

                                                       Name of Variable = x

                                       Period(s) of Differencing                           1
                                       Mean of Working Series                       0.083523
                                       Standard Deviation                           1.197922
                                       Number of Observations                             98
                                       Observation(s) eliminated by differencing           1


                                                          Autocorrelations
 
                   Lag    Covariance    Correlation    -1 9 8 7 6 5 4 3 2 1 0 1 2 3 4 5 6 7 8 9 1      Std Error

                     0      1.435016        1.00000    |                    |********************|             0
                     1     -0.258222        -.17994    |                ****|   .                |      0.101015
                     2     -0.484497        -.33762    |             *******|   .                |      0.104235
                     3      0.045101        0.03143    |               .    |*   .               |      0.114853
                     4     -0.027354        -.01906    |               .    |    .               |      0.114941
                     5     -0.163172        -.11371    |               .  **|    .               |      0.114973
                     6      0.202829        0.14134    |               .    |*** .               |      0.116115
                     7      0.041387        0.02884    |               .    |*   .               |      0.117857
                     8     -0.182662        -.12729    |               . ***|    .               |      0.117929
                     9      0.107886        0.07518    |               .    |**  .               |      0.119323
                    10     -0.011167        -.00778    |               .    |    .               |      0.119806
                    11      0.047958        0.03342    |               .    |*   .               |      0.119811
                    12      0.053929        0.03758    |               .    |*   .               |      0.119906
                    13     -0.017045        -.01188    |               .    |    .               |      0.120026
                    14     -0.018572        -.01294    |               .    |    .               |      0.120038
                    15     -0.125546        -.08749    |               .  **|    .               |      0.120052
                    16      0.119275        0.08312    |               .    |**  .               |      0.120701
                    17      0.069112        0.04816    |               .    |*   .               |      0.121284
                    18     -0.136781        -.09532    |               .  **|    .               |      0.121479
                    19     -0.223790        -.15595    |               . ***|    .               |      0.122239
                    20      0.425141        0.29626    |               .    |******              |      0.124253
                    21     -0.029889        -.02083    |               .    |    .               |      0.131263
                    22     -0.279004        -.19443    |               .****|    .               |      0.131297
                    23      0.117075        0.08158    |               .    |**  .               |      0.134203
                    24      0.033840        0.02358    |               .    |    .               |      0.134708

                                                   "." marks two standard errors


                                                      Inverse Autocorrelations
 
                                 Lag    Correlation    -1 9 8 7 6 5 4 3 2 1 0 1 2 3 4 5 6 7 8 9 1

                                   1        0.77489    |                .   |***************     |
                                   2        0.74508    |                .   |***************     |
                                   3        0.61753    |                .   |************        |
                                   4        0.50095    |                .   |**********          |
                                   5        0.38140    |                .   |********            |
                                   6        0.21833    |                .   |****                |
                                   7        0.11597    |                .   |** .                |
                                   8        0.02897    |                .   |*  .                |
                                   9       -0.06575    |                .  *|   .                |
                                  10       -0.10430    |                . **|   .                |
                                                           The SAS System                          16:03 Tuesday, March 27, 2012  14

                                                        The ARIMA Procedure

                                                      Inverse Autocorrelations
 
                                 Lag    Correlation    -1 9 8 7 6 5 4 3 2 1 0 1 2 3 4 5 6 7 8 9 1

                                  11       -0.14107    |                .***|   .                |
                                  12       -0.14164    |                .***|   .                |
                                  13       -0.11147    |                . **|   .                |
                                  14       -0.07810    |                . **|   .                |
                                  15       -0.03911    |                .  *|   .                |
                                  16       -0.02924    |                .  *|   .                |
                                  17        0.02558    |                .   |*  .                |
                                  18        0.03503    |                .   |*  .                |
                                  19        0.07425    |                .   |*  .                |
                                  20        0.02263    |                .   |   .                |
                                  21        0.05641    |                .   |*  .                |
                                  22        0.05910    |                .   |*  .                |
                                  23        0.02823    |                .   |*  .                |
                                  24        0.02023    |                .   |   .                |


                                                      Partial Autocorrelations
 
                                 Lag    Correlation    -1 9 8 7 6 5 4 3 2 1 0 1 2 3 4 5 6 7 8 9 1

                                   1       -0.17994    |                ****|   .                |
                                   2       -0.38239    |            ********|   .                |
                                   3       -0.14691    |                .***|   .                |
                                   4       -0.21941    |                ****|   .                |
                                   5       -0.28041    |              ******|   .                |
                                   6       -0.08479    |                . **|   .                |
                                   7       -0.13742    |                .***|   .                |
                                   8       -0.20616    |                ****|   .                |
                                   9       -0.09433    |                . **|   .                |
                                  10       -0.19163    |                ****|   .                |
                                  11       -0.04056    |                .  *|   .                |
                                  12       -0.04588    |                .  *|   .                |
                                  13       -0.01362    |                .   |   .                |
                                  14        0.06281    |                .   |*  .                |
                                  15       -0.07892    |                . **|   .                |
                                  16        0.11423    |                .   |** .                |
                                  17        0.11241    |                .   |** .                |
                                  18        0.02292    |                .   |   .                |
                                  19       -0.15836    |                .***|   .                |
                                  20        0.20664    |                .   |****                |
                                  21        0.04648    |                .   |*  .                |
                                  22       -0.06154    |                .  *|   .                |
                                  23       -0.03082    |                .  *|   .                |
                                  24       -0.07220    |                .  *|   .                |


                                                           The SAS System                          16:03 Tuesday, March 27, 2012  15

                                                        The ARIMA Procedure

                                                Autocorrelation Check for White Noise
 
                     To        Chi-             Pr >
                    Lag      Square     DF     ChiSq    --------------------Autocorrelations--------------------

                      6       18.54      6    0.0050    -0.180    -0.338     0.031    -0.019    -0.114     0.141
                     12       21.31     12    0.0460     0.029    -0.127     0.075    -0.008     0.033     0.038
                     18       24.47     18    0.1403    -0.012    -0.013    -0.087     0.083     0.048    -0.095
                     24       44.38     24    0.0069    -0.156     0.296    -0.021    -0.194     0.082     0.024


                                                Conditional Least Squares Estimation
 
                                                             Standard                 Approx
                                Parameter      Estimate         Error    t Value    Pr > |t|     Lag

                                MU              0.09838     0.0084765      11.61      <.0001       0
                                MA1,1           0.60886       0.36304       1.68      0.0969       1
                                MA1,2           0.31214       0.35272       0.88      0.3785       2
                                AR1,1           0.07130       0.36460       0.20      0.8454       1
                                AR1,2          -0.15210       0.18110      -0.84      0.4031       2


                                                  Constant Estimate      0.106332
                                                  Variance Estimate      0.981333
                                                  Std Error Estimate     0.990623
                                                  AIC                    281.1333
                                                  SBC                    294.0581
                                                  Number of Residuals          98
                                           * AIC and SBC do not include log determinant.


                                                Correlations of Parameter Estimates
 
                                    Parameter        MU     MA1,1     MA1,2     AR1,1     AR1,2

                                    MU            1.000     0.015    -0.032     0.013    -0.050
                                    MA1,1         0.015     1.000    -0.990     0.959    -0.780
                                    MA1,2        -0.032    -0.990     1.000    -0.951     0.809
                                    AR1,1         0.013     0.959    -0.951     1.000    -0.760
                                    AR1,2        -0.050    -0.780     0.809    -0.760     1.000


                                                 Autocorrelation Check of Residuals
 
                     To        Chi-             Pr >
                    Lag      Square     DF     ChiSq    --------------------Autocorrelations--------------------

                      6        2.35      2    0.3093    -0.002    -0.010    -0.019    -0.047    -0.090     0.107
                     12        6.68      8    0.5720     0.043    -0.059     0.123     0.035     0.100     0.084
                     18        8.52     14    0.8608     0.016     0.013    -0.096     0.024    -0.053    -0.050
                     24       18.66     20    0.5443    -0.165     0.191    -0.046    -0.108     0.055     0.011
                                                           The SAS System                          16:03 Tuesday, March 27, 2012  16

                                                        The ARIMA Procedure

                                                       Model for variable x

                                               Estimated Mean               0.098382
                                               Period(s) of Differencing           1


                                                       Autoregressive Factors

                                            Factor 1:  1 - 0.0713 B**(1) + 0.1521 B**(2)


                                                       Moving Average Factors

                                           Factor 1:  1 - 0.60886 B**(1) - 0.31214 B**(2)


                                                      Forecasts for variable x
 
                                    Obs       Forecast    Std Error       95% Confidence Limits

                                    100         9.6973       0.9906         7.7557        11.6389
                                    101        10.2690       1.0914         8.1299        12.4082
                                    102        10.2849       1.0921         8.1444        12.4255
                                    103        10.3054       1.0922         8.1648        12.4460
                                    104        10.4108       1.0954         8.2638        12.5578
                                    105        10.5215       1.0986         8.3683        12.6748
                                    106        10.6197       1.1009         8.4620        12.7775
                                    107        10.7162       1.1032         8.5540        12.8784
                                    108        10.8145       1.1056         8.6476        12.9814
                                    109        10.9132       1.1079         8.7416        13.0847
                                    110        11.0116       1.1103         8.8354        13.1878
                                    111        11.1099       1.1127         8.9291        13.2907
                                    112        11.2083       1.1150         9.0229        13.3937
                                    113        11.3067       1.1174         9.1167        13.4967
                                    114        11.4051       1.1197         9.2105        13.5997
                                    115        11.5034       1.1221         9.3043        13.7026
                                    116        11.6018       1.1244         9.3981        13.8056
                                    117        11.7002       1.1267         9.4919        13.9085
                                    118        11.7986       1.1290         9.5857        14.0115
                                    119        11.8970       1.1314         9.6795        14.1144
                                    120        11.9954       1.1337         9.7734        14.2173
                                    121        12.0937       1.1360         9.8672        14.3202
                                    122        12.1921       1.1383         9.9611        14.4231
                                    123        12.2905       1.1406        10.0550        14.5260
